--------------------------------------------------------------------------------
Release 14.2 Trace  (nt64)
Copyright (c) 1995-2012 Xilinx, Inc.  All rights reserved.

C:\Xilinx\14.2\ISE_DS\ISE\bin\nt64\unwrapped\trce.exe -intstyle ise -v 3 -s 3
-n 3 -fastpaths -xml four_bit_binary_adder_subtractor.twx
four_bit_binary_adder_subtractor.ncd -o four_bit_binary_adder_subtractor.twr
four_bit_binary_adder_subtractor.pcf -ucf four_bit_binary_adder_subtractor.ucf

Design file:              four_bit_binary_adder_subtractor.ncd
Physical constraint file: four_bit_binary_adder_subtractor.pcf
Device,package,speed:     xc6slx16,csg324,C,-3 (PRODUCTION 1.22 2012-07-09)
Report level:             verbose report

Environment Variable      Effect 
--------------------      ------ 
NONE                      No environment variables were set
--------------------------------------------------------------------------------

INFO:Timing:2698 - No timing constraints found, doing default enumeration.
INFO:Timing:3412 - To improve timing, see the Timing Closure User Guide (UG612).
INFO:Timing:2752 - To get complete path coverage, use the unconstrained paths 
   option. All paths that are not constrained will be reported in the 
   unconstrained paths section(s) of the report.
INFO:Timing:3339 - The clock-to-out numbers in this timing report are based on 
   a 50 Ohm transmission line loading model.  For the details of this model, 
   and for more information on accounting for different loading conditions, 
   please see the device datasheet.



Data Sheet report:
-----------------
All values displayed in nanoseconds (ns)

Pad to Pad
---------------+---------------+---------+
Source Pad     |Destination Pad|  Delay  |
---------------+---------------+---------+
A<0>           |Cout           |    7.867|
A<0>           |S<0>           |    7.462|
A<0>           |S<1>           |    7.826|
A<0>           |S<2>           |    8.028|
A<0>           |S<3>           |    8.464|
A<0>           |V              |    7.869|
A<1>           |Cout           |    7.704|
A<1>           |S<1>           |    7.663|
A<1>           |S<2>           |    7.865|
A<1>           |S<3>           |    8.301|
A<1>           |V              |    7.706|
A<2>           |Cout           |    7.100|
A<2>           |S<2>           |    7.334|
A<2>           |S<3>           |    7.593|
A<2>           |V              |    6.973|
A<3>           |Cout           |    7.433|
A<3>           |S<3>           |    8.106|
A<3>           |V              |    7.860|
B<0>           |Cout           |    7.350|
B<0>           |S<0>           |    7.283|
B<0>           |S<1>           |    7.309|
B<0>           |S<2>           |    7.511|
B<0>           |S<3>           |    7.947|
B<0>           |V              |    7.352|
B<1>           |Cout           |    7.475|
B<1>           |S<1>           |    7.434|
B<1>           |S<2>           |    7.636|
B<1>           |S<3>           |    8.072|
B<1>           |V              |    7.477|
B<2>           |Cout           |    6.674|
B<2>           |S<2>           |    7.282|
B<2>           |S<3>           |    7.680|
B<2>           |V              |    6.968|
B<3>           |Cout           |    7.066|
B<3>           |S<3>           |    7.250|
B<3>           |V              |    6.995|
M              |Cout           |   11.239|
M              |S<1>           |   11.198|
M              |S<2>           |   11.400|
M              |S<3>           |   11.836|
M              |V              |   11.241|
---------------+---------------+---------+


Analysis completed Fri Oct 17 12:15:35 2014 
--------------------------------------------------------------------------------

Trace Settings:
-------------------------
Trace Settings 

Peak Memory Usage: 216 MB



