Release 14.2 - xst P.28xd (nt64)
Copyright (c) 1995-2012 Xilinx, Inc.  All rights reserved.
--> Parameter TMPDIR set to xst/projnav.tmp


Total REAL time to Xst completion: 0.00 secs
Total CPU time to Xst completion: 0.16 secs
 
--> Parameter xsthdpdir set to xst


Total REAL time to Xst completion: 0.00 secs
Total CPU time to Xst completion: 0.16 secs
 
--> Reading design: Eight_bit_counter.prj

TABLE OF CONTENTS
  1) Synthesis Options Summary
  2) HDL Parsing
  3) HDL Elaboration
  4) HDL Synthesis
       4.1) HDL Synthesis Report
  5) Advanced HDL Synthesis
       5.1) Advanced HDL Synthesis Report
  6) Low Level Synthesis
  7) Partition Report
  8) Design Summary
       8.1) Primitive and Black Box Usage
       8.2) Device utilization summary
       8.3) Partition Resource Summary
       8.4) Timing Report
            8.4.1) Clock Information
            8.4.2) Asynchronous Control Signals Information
            8.4.3) Timing Summary
            8.4.4) Timing Details
            8.4.5) Cross Clock Domains Report


=========================================================================
*                      Synthesis Options Summary                        *
=========================================================================
---- Source Parameters
Input File Name                    : "Eight_bit_counter.prj"
Ignore Synthesis Constraint File   : NO

---- Target Parameters
Output File Name                   : "Eight_bit_counter"
Output Format                      : NGC
Target Device                      : xc6slx16-3-csg324

---- Source Options
Top Module Name                    : Eight_bit_counter
Automatic FSM Extraction           : YES
FSM Encoding Algorithm             : Auto
Safe Implementation                : No
FSM Style                          : LUT
RAM Extraction                     : Yes
RAM Style                          : Auto
ROM Extraction                     : Yes
Shift Register Extraction          : YES
ROM Style                          : Auto
Resource Sharing                   : YES
Asynchronous To Synchronous        : NO
Shift Register Minimum Size        : 2
Use DSP Block                      : Auto
Automatic Register Balancing       : No

---- Target Options
LUT Combining                      : Auto
Reduce Control Sets                : Auto
Add IO Buffers                     : YES
Global Maximum Fanout              : 100000
Add Generic Clock Buffer(BUFG)     : 16
Register Duplication               : YES
Optimize Instantiated Primitives   : NO
Use Clock Enable                   : Auto
Use Synchronous Set                : Auto
Use Synchronous Reset              : Auto
Pack IO Registers into IOBs        : Auto
Equivalent register Removal        : YES

---- General Options
Optimization Goal                  : Speed
Optimization Effort                : 1
Power Reduction                    : NO
Keep Hierarchy                     : No
Netlist Hierarchy                  : As_Optimized
RTL Output                         : Yes
Global Optimization                : AllClockNets
Read Cores                         : YES
Write Timing Constraints           : NO
Cross Clock Analysis               : NO
Hierarchy Separator                : /
Bus Delimiter                      : <>
Case Specifier                     : Maintain
Slice Utilization Ratio            : 100
BRAM Utilization Ratio             : 100
DSP48 Utilization Ratio            : 100
Auto BRAM Packing                  : NO
Slice Utilization Ratio Delta      : 5

=========================================================================


=========================================================================
*                          HDL Parsing                                  *
=========================================================================
Analyzing Verilog file "\\ad\eng\users\n\r\nrjbasu\Desktop\Logic labs\Lab3\Debouncer.v" into library work
Parsing module <Debouncer>.
Analyzing Verilog file "\\ad\eng\users\n\r\nrjbasu\Desktop\Logic labs\Lab3\Eight_bit_counter.v" into library work
Parsing module <Eight_bit_counter>.

=========================================================================
*                            HDL Elaboration                            *
=========================================================================

Elaborating module <Eight_bit_counter>.

Elaborating module <Debouncer>.

=========================================================================
*                           HDL Synthesis                               *
=========================================================================

Synthesizing Unit <Eight_bit_counter>.
    Related source file is "\\ad\eng\users\n\r\nrjbasu\Desktop\Logic labs\Lab3\Eight_bit_counter.v".
    Found 8-bit register for signal <count>.
    Found 8-bit adder for signal <count[7]_GND_1_o_add_0_OUT> created at line 35.
    Summary:
	inferred   1 Adder/Subtractor(s).
	inferred   8 D-type flip-flop(s).
Unit <Eight_bit_counter> synthesized.

Synthesizing Unit <Debouncer>.
    Related source file is "\\ad\eng\users\n\r\nrjbasu\Desktop\Logic labs\Lab3\Debouncer.v".
        delay = 300000
WARNING:Xst:647 - Input <reset> is never used. This port will be preserved and left unconnected if it belongs to a top-level block or it belongs to a sub-block and the hierarchy of this sub-block is preserved.
    Found 1-bit register for signal <clean>.
    Found 22-bit register for signal <delay_count>.
    Found 22-bit adder for signal <delay_count[21]_GND_2_o_add_3_OUT> created at line 33.
    Summary:
	inferred   1 Adder/Subtractor(s).
	inferred  23 D-type flip-flop(s).
Unit <Debouncer> synthesized.

=========================================================================
HDL Synthesis Report

Macro Statistics
# Adders/Subtractors                                   : 2
 22-bit adder                                          : 1
 8-bit adder                                           : 1
# Registers                                            : 3
 1-bit register                                        : 1
 22-bit register                                       : 1
 8-bit register                                        : 1

=========================================================================

=========================================================================
*                       Advanced HDL Synthesis                          *
=========================================================================


Synthesizing (advanced) Unit <Debouncer>.
The following registers are absorbed into counter <delay_count>: 1 register on signal <delay_count>.
Unit <Debouncer> synthesized (advanced).

Synthesizing (advanced) Unit <Eight_bit_counter>.
The following registers are absorbed into counter <count>: 1 register on signal <count>.
Unit <Eight_bit_counter> synthesized (advanced).

=========================================================================
Advanced HDL Synthesis Report

Macro Statistics
# Counters                                             : 2
 22-bit up counter                                     : 1
 8-bit up counter                                      : 1
# Registers                                            : 1
 Flip-Flops                                            : 1

=========================================================================

=========================================================================
*                         Low Level Synthesis                           *
=========================================================================

Optimizing unit <Eight_bit_counter> ...

Mapping all equations...
Building and optimizing final netlist ...
Found area constraint ratio of 100 (+ 5) on block Eight_bit_counter, actual ratio is 0.

Final Macro Processing ...

=========================================================================
Final Register Report

Macro Statistics
# Registers                                            : 31
 Flip-Flops                                            : 31

=========================================================================

=========================================================================
*                           Partition Report                            *
=========================================================================

Partition Implementation Status
-------------------------------

  No Partitions were found in this design.

-------------------------------

=========================================================================
*                            Design Summary                             *
=========================================================================

Top Level Output File Name         : Eight_bit_counter.ngc

Primitive and Black Box Usage:
------------------------------
# BELS                             : 100
#      GND                         : 1
#      INV                         : 3
#      LUT1                        : 28
#      LUT3                        : 1
#      LUT5                        : 2
#      LUT6                        : 6
#      MUXCY                       : 28
#      VCC                         : 1
#      XORCY                       : 30
# FlipFlops/Latches                : 31
#      FDCE                        : 8
#      FDR                         : 1
#      FDRE                        : 22
# Clock Buffers                    : 1
#      BUFGP                       : 1
# IO Buffers                       : 10
#      IBUF                        : 2
#      OBUF                        : 8

Device utilization summary:
---------------------------

Selected Device : 6slx16csg324-3 


Slice Logic Utilization: 
 Number of Slice Registers:              31  out of  18224     0%  
 Number of Slice LUTs:                   40  out of   9112     0%  
    Number used as Logic:                40  out of   9112     0%  

Slice Logic Distribution: 
 Number of LUT Flip Flop pairs used:     40
   Number with an unused Flip Flop:       9  out of     40    22%  
   Number with an unused LUT:             0  out of     40     0%  
   Number of fully used LUT-FF pairs:    31  out of     40    77%  
   Number of unique control sets:         3

IO Utilization: 
 Number of IOs:                          11
 Number of bonded IOBs:                  11  out of    232     4%  

Specific Feature Utilization:
 Number of BUFG/BUFGCTRLs:                1  out of     16     6%  

---------------------------
Partition Resource Summary:
---------------------------

  No Partitions were found in this design.

---------------------------


=========================================================================
Timing Report

NOTE: THESE TIMING NUMBERS ARE ONLY A SYNTHESIS ESTIMATE.
      FOR ACCURATE TIMING INFORMATION PLEASE REFER TO THE TRACE REPORT
      GENERATED AFTER PLACE-and-ROUTE.

Clock Information:
------------------
-----------------------------------+------------------------+-------+
Clock Signal                       | Clock buffer(FF name)  | Load  |
-----------------------------------+------------------------+-------+
clock                              | BUFGP                  | 31    |
-----------------------------------+------------------------+-------+

Asynchronous Control Signals Information:
----------------------------------------
No asynchronous control signals found in this design

Timing Summary:
---------------
Speed Grade: -3

   Minimum period: 4.113ns (Maximum Frequency: 243.123MHz)
   Minimum input arrival time before clock: 3.590ns
   Maximum output required time after clock: 3.634ns
   Maximum combinational path delay: No path found

Timing Details:
---------------
All values displayed in nanoseconds (ns)

=========================================================================
Timing constraint: Default period analysis for Clock 'clock'
  Clock period: 4.113ns (frequency: 243.123MHz)
  Total number of paths / destination ports: 803 / 61
-------------------------------------------------------------------------
Delay:               4.113ns (Levels of Logic = 2)
  Source:            debouncer/delay_count_7 (FF)
  Destination:       debouncer/delay_count_0 (FF)
  Source Clock:      clock rising
  Destination Clock: clock rising

  Data Path: debouncer/delay_count_7 to debouncer/delay_count_0
                                Gate     Net
    Cell:in->out      fanout   Delay   Delay  Logical Name (Net Name)
    ----------------------------------------  ------------
     FDRE:C->Q             3   0.447   0.995  debouncer/delay_count_7 (debouncer/delay_count_7)
     LUT5:I0->O            1   0.203   0.808  debouncer/GND_2_o_GND_2_o_equal_6_o<21>1_SW1 (N6)
     LUT6:I3->O           22   0.205   1.133  debouncer/n0001_inv3 (debouncer/n0001_inv)
     FDRE:CE                   0.322          debouncer/delay_count_0
    ----------------------------------------
    Total                      4.113ns (1.177ns logic, 2.936ns route)
                                       (28.6% logic, 71.4% route)

=========================================================================
Timing constraint: Default OFFSET IN BEFORE for Clock 'clock'
  Total number of paths / destination ports: 31 / 31
-------------------------------------------------------------------------
Offset:              3.590ns (Levels of Logic = 2)
  Source:            trigger (PAD)
  Destination:       debouncer/clean (FF)
  Destination Clock: clock rising

  Data Path: trigger to debouncer/clean
                                Gate     Net
    Cell:in->out      fanout   Delay   Delay  Logical Name (Net Name)
    ----------------------------------------  ------------
     IBUF:I->O             1   1.222   0.579  trigger_IBUF (trigger_IBUF)
     INV:I->O             23   0.206   1.153  debouncer/trigger_inv1_INV_0 (debouncer/trigger_inv)
     FDR:R                     0.430          debouncer/clean
    ----------------------------------------
    Total                      3.590ns (1.858ns logic, 1.732ns route)
                                       (51.8% logic, 48.2% route)

=========================================================================
Timing constraint: Default OFFSET OUT AFTER for Clock 'clock'
  Total number of paths / destination ports: 8 / 8
-------------------------------------------------------------------------
Offset:              3.634ns (Levels of Logic = 1)
  Source:            count_7 (FF)
  Destination:       count<7> (PAD)
  Source Clock:      clock rising

  Data Path: count_7 to count<7>
                                Gate     Net
    Cell:in->out      fanout   Delay   Delay  Logical Name (Net Name)
    ----------------------------------------  ------------
     FDCE:C->Q             2   0.447   0.616  count_7 (count_7)
     OBUF:I->O                 2.571          count_7_OBUF (count<7>)
    ----------------------------------------
    Total                      3.634ns (3.018ns logic, 0.616ns route)
                                       (83.0% logic, 17.0% route)

=========================================================================

Cross Clock Domains Report:
--------------------------

Clock to Setup on destination clock clock
---------------+---------+---------+---------+---------+
               | Src:Rise| Src:Fall| Src:Rise| Src:Fall|
Source Clock   |Dest:Rise|Dest:Rise|Dest:Fall|Dest:Fall|
---------------+---------+---------+---------+---------+
clock          |    4.113|         |         |         |
---------------+---------+---------+---------+---------+

=========================================================================


Total REAL time to Xst completion: 8.00 secs
Total CPU time to Xst completion: 7.49 secs
 
--> 

Total memory usage is 251336 kilobytes

Number of errors   :    0 (   0 filtered)
Number of warnings :    1 (   0 filtered)
Number of infos    :    0 (   0 filtered)

